// Jest Snapshot v1, https://goo.gl/fbAQLP

exports[`matches a snapshot 1`] = `
<button
  className="fav-btn-exp"
  data-testid="fave-test-search"
  id="fave-button-exp"
  type="button"
>
  <img
    alt="favIcon"
    className="star"
    src="https://img.icons8.com/android/24/ffffff/star.png"
  />
</button>
`;
